()
createDirectory001/a: createDirectory: does not exist (No such file or directory)
()
()
()
()
